// Vitest Snapshot v1, https://vitest.dev/guide/snapshot.html

exports[`testing PlayButtons component > snapshot 1`] = `"foobar"`;
